# This file is maintained automatically by "terraform init".
# Manual edits may be lost in future updates.

provider "registry.terraform.io/hashicorp/aws" {
  version     = "3.40.0"
  constraints = "~> 3.27"
  hashes = [
    "h1:0r9TS3qACD9xJhrfTPZR7ygoCKDWHRX4c0D5GCyfAu4=",
    "zh:2fd824991b19837e200d19b17d8188bf71efb92c36511809484549e77b4045dd",
    "zh:47250cb58b3bd6f2698ca17bfb962710542d6adf95637cd560f6119abf97dba2",
    "zh:515722a8c8726541b05362ec71331264977603374a2e4d4d64f89940873143ea",
    "zh:61b6b7542da2113278c987a0af9f230321f5ed605f1e3098824603cb09ac771b",
    "zh:66aad13ada6344b64adbc67abad4f35c414e62838a99f78626befb8b74c760d8",
    "zh:7d4436aeb53fa348d7fd3c2ab4a727b03c7c59bfdcdecef4a75237760f3bb3cf",
    "zh:a4583891debc49678491510574b1c28bb4fe3f83ed2bb353959c4c1f6f409f1f",
    "zh:b8badecea52f6996ae832144560be87e0b7c2da7fe1dcd6e6230969234b2fc55",
    "zh:cecf64a085f640c30437ccc31bd964c21004ae8ae00cfbd95fb04037e46b88ca",
    "zh:d81dbb9ad8ce5eca4d1fc5a7a06bbb9c47ea8691f1502e94760fa680e20e4afc",
    "zh:f0fc724a964c7f8154bc5911d572ee411f5d181414f9b1f09de7ebdacb0d884b",
  ]
}

provider "registry.terraform.io/hashicorp/random" {
  version     = "3.0.0"
  constraints = "~> 3.0.0"
  hashes = [
    "h1:yhHJpb4IfQQfuio7qjUXuUFTU/s+ensuEpm23A+VWz0=",
    "zh:0fcb00ff8b87dcac1b0ee10831e47e0203a6c46aafd76cb140ba2bab81f02c6b",
    "zh:123c984c0e04bad910c421028d18aa2ca4af25a153264aef747521f4e7c36a17",
    "zh:287443bc6fd7fa9a4341dec235589293cbcc6e467a042ae225fd5d161e4e68dc",
    "zh:2c1be5596dd3cca4859466885eaedf0345c8e7628503872610629e275d71b0d2",
    "zh:684a2ef6f415287944a3d966c4c8cee82c20e393e096e2f7cdcb4b2528407f6b",
    "zh:7625ccbc6ff17c2d5360ff2af7f9261c3f213765642dcd84e84ae02a3768fd51",
    "zh:9a60811ab9e6a5bfa6352fbb943bb530acb6198282a49373283a8fa3aa2b43fc",
    "zh:c73e0eaeea6c65b1cf5098b101d51a2789b054201ce7986a6d206a9e2dacaefd",
    "zh:e8f9ed41ac83dbe407de9f0206ef1148204a0d51ba240318af801ffb3ee5f578",
    "zh:fbdd0684e62563d3ac33425b0ac9439d543a3942465f4b26582bcfabcb149515",
  ]
}
